kirill@ubuntupc:~$ lsblk
NAME   MAJ:MIN RM  SIZE RO TYPE MOUNTPOINTS
sda      8:0    0   25G  0 disk 
├─sda1   8:1    0    1M  0 part 
└─sda2   8:2    0   25G  0 part /
sdb      8:16   0  512M  0 disk 
sdc      8:32   0  512M  0 disk 
sdd      8:48   0  512M  0 disk 
sde      8:64   0  512M  0 disk 
sdf      8:80   0  512M  0 disk 
sdg      8:96   0  512M  0 disk 
sdh      8:112  0  512M  0 disk 
sdi      8:128  0  512M  0 disk 
sr0     11:0    1 1024M  0 rom  
kirill@ubuntupc:~$ sudo zpool create otus1 mirror /dev/sdb /dev/sdc
kirill@ubuntupc:~$ sudo zpool create otus2 mirror /dev/sdd /dev/sde
kirill@ubuntupc:~$ sudo zpool create otus3 mirror /dev/sdf /dev/sdg
kirill@ubuntupc:~$ sudo zpool create otus4 mirror /dev/sdh /dev/sdi
kirill@ubuntupc:~$ zpool list
NAME    SIZE  ALLOC   FREE  CKPOINT  EXPANDSZ   FRAG    CAP  DEDUP    HEALTH  ALTROOT
otus1   480M   116K   480M        -         -     0%     0%  1.00x    ONLINE  -
otus2   480M   116K   480M        -         -     0%     0%  1.00x    ONLINE  -
otus3   480M   111K   480M        -         -     0%     0%  1.00x    ONLINE  -
otus4   480M   114K   480M        -         -     0%     0%  1.00x    ONLINE  -
kirill@ubuntupc:~$ sudo zfs set compression=lzjb otus1
kirill@ubuntupc:~$ sudo zfs set compression=lz4 otus2
kirill@ubuntupc:~$ sudo zfs set compression=gzip-9 otus3
kirill@ubuntupc:~$ sudo zfs set compression=zle otus4
kirill@ubuntupc:~$ zfs get all | grep compression
otus1  compression           lzjb                       local
otus2  compression           lz4                        local
otus3  compression           gzip-9                     local
otus4  compression           zle                        local
kirill@ubuntupc:~$ sudo bash -c 'for i in {1..4}; do wget -P /otus$i https://gutenberg.org/cache/epub/2600/pg2600.converter.log; done'
kirill@ubuntupc:/$ ls -l /otus*
/otus1:
total 22100
-rw-r--r-- 1 root root 41143613 мая  2 07:31 pg2600.converter.log

/otus2:
total 18008
-rw-r--r-- 1 root root 41143613 мая  2 07:31 pg2600.converter.log

/otus3:
total 10967
-rw-r--r-- 1 root root 41143613 мая  2 07:31 pg2600.converter.log

/otus4:
total 40221
-rw-r--r-- 1 root root 41143613 мая  2 07:31 pg2600.converter.log
kirill@ubuntupc:/$ zfs list
NAME    USED  AVAIL  REFER  MOUNTPOINT
otus1  21.8M   330M  21.6M  /otus1
otus2  17.8M   334M  17.6M  /otus2
otus3  10.9M   341M  10.7M  /otus3
otus4  39.5M   313M  39.3M  /otus4
kirill@ubuntupc:/$ sudo wget -O archive.tar.gz --no-check-certificate 'https://drive.usercontent.google.com/download?id=1MvrcEp-WgAQe57aDEzxSRalPAwbNN1Bb&export=download' 
archive.tar.gz      100%[===================>]   6,94M  9,30MB/s    in 0,7s    

2025-05-22 14:25:28 (9,30 MB/s) - ‘archive.tar.gz’ saved [7275140/7275140]
kirill@ubuntupc:/$ sudo tar -xzvf archive.tar.gz
zpoolexport/
zpoolexport/filea
zpoolexport/fileb
sudo zpool import -d zpoolexport/
[sudo] password for kirill: 
   pool: otus
     id: 6554193320433390805
  state: ONLINE
status: Some supported features are not enabled on the pool.
	(Note that they may be intentionally disabled if the
	'compatibility' property is set.)
 action: The pool can be imported using its name or numeric identifier, though
	some features will not be available without an explicit 'zpool upgrade'.
 config:

	otus                    ONLINE
	  mirror-0              ONLINE
	    /zpoolexport/filea  ONLINE
	    /zpoolexport/fileb  ONLINE
kirill@ubuntupc:/$ zpool status
  pool: otus1
 state: ONLINE
config:

	NAME        STATE     READ WRITE CKSUM
	otus1       ONLINE       0     0     0
	  mirror-0  ONLINE       0     0     0
	    sdb     ONLINE       0     0     0
	    sdc     ONLINE       0     0     0

errors: No known data errors

  pool: otus2
 state: ONLINE
config:

	NAME        STATE     READ WRITE CKSUM
	otus2       ONLINE       0     0     0
	  mirror-0  ONLINE       0     0     0
	    sdd     ONLINE       0     0     0
	    sde     ONLINE       0     0     0

errors: No known data errors

  pool: otus3
 state: ONLINE
config:

	NAME        STATE     READ WRITE CKSUM
	otus3       ONLINE       0     0     0
	  mirror-0  ONLINE       0     0     0
	    sdf     ONLINE       0     0     0
	    sdg     ONLINE       0     0     0

errors: No known data errors

  pool: otus4
 state: ONLINE
config:

	NAME        STATE     READ WRITE CKSUM
	otus4       ONLINE       0     0     0
	  mirror-0  ONLINE       0     0     0
	    sdh     ONLINE       0     0     0
	    sdi     ONLINE       0     0     0

errors: No known data errors
kirill@ubuntupc:/$ sudo zpool import -d zpoolexport/ otus
kirill@ubuntupc:/$ zpool get all otus
NAME  PROPERTY                       VALUE                          SOURCE
otus  size                           480M                           -
otus  capacity                       0%                             -
otus  altroot                        -                              default
otus  health                         ONLINE                         -
otus  guid                           6554193320433390805            -
otus  version                        -                              default
otus  bootfs                         -                              default
otus  delegation                     on                             default
otus  autoreplace                    off                            default
otus  cachefile                      -                              default
otus  failmode                       wait                           default
otus  listsnapshots                  off                            default
otus  autoexpand                     off                            default
otus  dedupratio                     1.00x                          -
otus  free                           478M                           -
otus  allocated                      2.09M                          -
otus  readonly                       off                            -
otus  ashift                         0                              default
otus  comment                        -                              default
otus  expandsize                     -                              -
otus  freeing                        0                              -
otus  fragmentation                  0%                             -
otus  leaked                         0                              -
otus  multihost                      off                            default
otus  checkpoint                     -                              -
otus  load_guid                      13150238893968521996           -
otus  autotrim                       off                            default
otus  compatibility                  off                            default
otus  bcloneused                     0                              -
otus  bclonesaved                    0                              -
otus  bcloneratio                    1.00x                          -
otus  feature@async_destroy          enabled                        local
otus  feature@empty_bpobj            active                         local
otus  feature@lz4_compress           active                         local
otus  feature@multi_vdev_crash_dump  enabled                        local
otus  feature@spacemap_histogram     active                         local
otus  feature@enabled_txg            active                         local
otus  feature@hole_birth             active                         local
otus  feature@extensible_dataset     active                         local
otus  feature@embedded_data          active                         local
otus  feature@bookmarks              enabled                        local
otus  feature@filesystem_limits      enabled                        local
otus  feature@large_blocks           enabled                        local
otus  feature@large_dnode            enabled                        local
otus  feature@sha512                 enabled                        local
otus  feature@skein                  enabled                        local
otus  feature@edonr                  enabled                        local
otus  feature@userobj_accounting     active                         local
otus  feature@encryption             enabled                        local
otus  feature@project_quota          active                         local
otus  feature@device_removal         enabled                        local
otus  feature@obsolete_counts        enabled                        local
otus  feature@zpool_checkpoint       enabled                        local
otus  feature@spacemap_v2            active                         local
otus  feature@allocation_classes     enabled                        local
otus  feature@resilver_defer         enabled                        local
otus  feature@bookmark_v2            enabled                        local
otus  feature@redaction_bookmarks    disabled                       local
otus  feature@redacted_datasets      disabled                       local
otus  feature@bookmark_written       disabled                       local
otus  feature@log_spacemap           disabled                       local
otus  feature@livelist               disabled                       local
otus  feature@device_rebuild         disabled                       local
otus  feature@zstd_compress          disabled                       local
otus  feature@draid                  disabled                       local
otus  feature@zilsaxattr             disabled                       local
otus  feature@head_errlog            disabled                       local
otus  feature@blake3                 disabled                       local
otus  feature@block_cloning          disabled                       local
otus  feature@vdev_zaps_v2           disabled                       local
kirill@ubuntupc:/$ zfs get available otus
NAME  PROPERTY   VALUE  SOURCE
otus  available  350M   -
kirill@ubuntupc:/$ zfs get readonly otus
NAME  PROPERTY  VALUE   SOURCE
otus  readonly  off     default
kirill@ubuntupc:/$ zfs get readonly otus
NAME  PROPERTY  VALUE   SOURCE
otus  readonly  off     default
kirill@ubuntupc:/$ zfs get recordsize otus
NAME  PROPERTY    VALUE    SOURCE
otus  recordsize  128K     local
kirill@ubuntupc:/$ zfs get compression otus
NAME  PROPERTY     VALUE           SOURCE
otus  compression  zle             local
kirill@ubuntupc:/$ zfs get checksum  otus
NAME  PROPERTY  VALUE      SOURCE
otus  checksum  sha256     local
kirill@ubuntupc:/$ sudo wget -O task2.file --no-check-certificate 'https://drive.usercontent.google.com/download?id=1wgxjih8YZ-cqLqaZVa0lA3h3Y029c3oI&export=download'
task2.file          100%[===================>]   5,18M  11,1MB/s    in 0,5s    

2025-05-22 16:28:51 (11,1 MB/s) - ‘task2.file’ saved [5432736/5432736]
kirill@ubuntupc:/$ sudo zfs receive otus/test@today < task2.file
kirill@ubuntupc:/$ find /otus/test -name 'secret_message'
/otus/test/task1/file_mess/secret_message
kirill@ubuntupc:/$ cat /otus/test/task1/file_mess/secret_message
https://otus.ru/lessons/linux-hl/








